2025-03-27T10:44:04.915Z [BLACKSKY-MD-717c80-tndu2tic] Connection monitoring started
2025-03-27T10:44:04.915Z [BLACKSKY-MD-717c80-tndu2tic] Connection established
2025-03-27T10:44:20.129Z [BLACKSKY-MD-717c80-tndu2tic] Heartbeat OK, latency: 213ms
2025-03-27T10:44:35.118Z [BLACKSKY-MD-717c80-tndu2tic] Heartbeat OK, latency: 203ms
2025-03-27T10:44:50.147Z [BLACKSKY-MD-717c80-tndu2tic] Heartbeat OK, latency: 232ms
2025-03-27T10:45:04.916Z [BLACKSKY-MD-717c80-tndu2tic] Connection health: 100%, Last activity: 60s ago, Last message: 1min ago
2025-03-27T10:45:05.138Z [BLACKSKY-MD-717c80-tndu2tic] Heartbeat OK, latency: 223ms
2025-03-27T10:45:20.118Z [BLACKSKY-MD-717c80-tndu2tic] Heartbeat OK, latency: 203ms
2025-03-27T10:45:35.133Z [BLACKSKY-MD-717c80-tndu2tic] Heartbeat OK, latency: 218ms
2025-03-27T10:45:42.134Z [BLACKSKY-MD-717c80-tndu2tic] Connection monitoring stopped
2025-03-27T10:45:42.137Z [BLACKSKY-MD-717c80-tndu2tic] Disconnected
2025-03-27T10:45:45.003Z [BLACKSKY-MD-717c80-tndu2tic] Connection monitoring started
2025-03-27T10:45:45.003Z [BLACKSKY-MD-717c80-tndu2tic] Connection established
2025-03-27T10:46:00.060Z [BLACKSKY-MD-717c80-tndu2tic] Heartbeat OK, latency: 57ms
2025-03-27T10:46:15.058Z [BLACKSKY-MD-717c80-tndu2tic] Heartbeat OK, latency: 55ms
2025-03-27T10:46:30.059Z [BLACKSKY-MD-717c80-tndu2tic] Heartbeat OK, latency: 55ms
2025-03-27T10:46:45.004Z [BLACKSKY-MD-717c80-tndu2tic] Connection health: 100%, Last activity: 60s ago, Last message: 1min ago
2025-03-27T10:46:45.059Z [BLACKSKY-MD-717c80-tndu2tic] Heartbeat OK, latency: 55ms
2025-03-27T10:47:00.062Z [BLACKSKY-MD-717c80-tndu2tic] Heartbeat OK, latency: 57ms
2025-03-27T10:47:15.074Z [BLACKSKY-MD-717c80-tndu2tic] Heartbeat OK, latency: 56ms
2025-03-27T10:47:30.074Z [BLACKSKY-MD-717c80-tndu2tic] Heartbeat OK, latency: 55ms
2025-03-27T10:47:45.004Z [BLACKSKY-MD-717c80-tndu2tic] Connection health: 100%, Last activity: 120s ago, Last message: 2min ago
2025-03-27T10:47:45.075Z [BLACKSKY-MD-717c80-tndu2tic] Heartbeat OK, latency: 56ms
2025-03-27T10:48:00.075Z [BLACKSKY-MD-717c80-tndu2tic] Heartbeat OK, latency: 55ms
2025-03-27T10:48:15.078Z [BLACKSKY-MD-717c80-tndu2tic] Heartbeat OK, latency: 58ms
2025-03-27T10:48:30.075Z [BLACKSKY-MD-717c80-tndu2tic] Heartbeat OK, latency: 55ms
2025-03-27T10:48:45.004Z [BLACKSKY-MD-717c80-tndu2tic] Connection health: 100%, Last activity: 180s ago, Last message: 3min ago
2025-03-27T10:48:45.076Z [BLACKSKY-MD-717c80-tndu2tic] Heartbeat OK, latency: 55ms
2025-03-27T10:49:00.080Z [BLACKSKY-MD-717c80-tndu2tic] Heartbeat OK, latency: 59ms
2025-03-27T10:49:15.076Z [BLACKSKY-MD-717c80-tndu2tic] Heartbeat OK, latency: 55ms
2025-03-27T10:49:30.076Z [BLACKSKY-MD-717c80-tndu2tic] Heartbeat OK, latency: 55ms
2025-03-27T10:49:45.004Z [BLACKSKY-MD-717c80-tndu2tic] Connection health: 100%, Last activity: 240s ago, Last message: 4min ago
2025-03-27T10:49:45.077Z [BLACKSKY-MD-717c80-tndu2tic] Heartbeat OK, latency: 56ms
2025-03-27T10:50:00.076Z [BLACKSKY-MD-717c80-tndu2tic] Heartbeat OK, latency: 55ms
2025-03-27T10:50:15.076Z [BLACKSKY-MD-717c80-tndu2tic] Heartbeat OK, latency: 55ms
2025-03-27T10:50:30.078Z [BLACKSKY-MD-717c80-tndu2tic] Heartbeat OK, latency: 56ms
2025-03-27T10:50:45.005Z [BLACKSKY-MD-717c80-tndu2tic] Connection health: 100%, Last activity: 22s ago, Last message: 0min ago
2025-03-27T10:50:45.079Z [BLACKSKY-MD-717c80-tndu2tic] Heartbeat OK, latency: 57ms
2025-03-27T10:51:00.081Z [BLACKSKY-MD-717c80-tndu2tic] Heartbeat OK, latency: 59ms
2025-03-27T10:51:15.083Z [BLACKSKY-MD-717c80-tndu2tic] Heartbeat OK, latency: 61ms
2025-03-27T10:51:30.078Z [BLACKSKY-MD-717c80-tndu2tic] Heartbeat OK, latency: 55ms
2025-03-27T10:51:45.005Z [BLACKSKY-MD-717c80-tndu2tic] Connection health: 100%, Last activity: 82s ago, Last message: 1min ago
2025-03-27T10:51:45.079Z [BLACKSKY-MD-717c80-tndu2tic] Heartbeat OK, latency: 55ms
2025-03-27T10:52:00.082Z [BLACKSKY-MD-717c80-tndu2tic] Heartbeat OK, latency: 57ms
2025-03-27T10:52:15.080Z [BLACKSKY-MD-717c80-tndu2tic] Heartbeat OK, latency: 55ms
